The push refers to repository [813089398751.dkr.ecr.eu-north-1.amazonaws.com/florify-yolo-detection]
d2c7d58bf0d5: Waiting
639a3a567bd5: Waiting
7ad3639927ad: Waiting
b35211cf0f1d: Waiting
bc5f288014c2: Waiting
33bf8131d653: Waiting
c1969affccdb: Waiting
4d0e9f77d649: Waiting
516fc5736a43: Waiting
cebd1740a6d3: Waiting
842f11104e84: Waiting
1cb07b686790: Waiting
dd5fd292f886: Waiting
bc5f288014c2: Waiting
33bf8131d653: Waiting
c1969affccdb: Waiting
4d0e9f77d649: Waiting
516fc5736a43: Waiting
cebd1740a6d3: Waiting
842f11104e84: Waiting
1cb07b686790: Waiting
dd5fd292f886: Waiting
d2c7d58bf0d5: Waiting
639a3a567bd5: Waiting
7ad3639927ad: Waiting
b35211cf0f1d: Waiting
cebd1740a6d3: Waiting
842f11104e84: Waiting
1cb07b686790: Waiting
dd5fd292f886: Waiting
d2c7d58bf0d5: Waiting
639a3a567bd5: Waiting
7ad3639927ad: Waiting
b35211cf0f1d: Waiting
bc5f288014c2: Waiting
33bf8131d653: Waiting
c1969affccdb: Waiting
4d0e9f77d649: Waiting
516fc5736a43: Waiting
dd5fd292f886: Waiting
d2c7d58bf0d5: Waiting
639a3a567bd5: Waiting
7ad3639927ad: Waiting
b35211cf0f1d: Waiting
bc5f288014c2: Waiting
33bf8131d653: Waiting
c1969affccdb: Waiting
4d0e9f77d649: Waiting
516fc5736a43: Waiting
cebd1740a6d3: Waiting
842f11104e84: Waiting
1cb07b686790: Waiting
7ad3639927ad: Waiting
b35211cf0f1d: Waiting
bc5f288014c2: Waiting
33bf8131d653: Waiting
c1969affccdb: Waiting
4d0e9f77d649: Waiting
516fc5736a43: Waiting
cebd1740a6d3: Waiting
842f11104e84: Waiting
1cb07b686790: Waiting
dd5fd292f886: Waiting
d2c7d58bf0d5: Waiting
639a3a567bd5: Waiting
bc5f288014c2: Waiting
33bf8131d653: Waiting
c1969affccdb: Waiting
4d0e9f77d649: Waiting
516fc5736a43: Waiting
cebd1740a6d3: Waiting
842f11104e84: Waiting
1cb07b686790: Waiting
dd5fd292f886: Waiting
d2c7d58bf0d5: Waiting
639a3a567bd5: Waiting
7ad3639927ad: Waiting
b35211cf0f1d: Waiting
516fc5736a43: Waiting
cebd1740a6d3: Waiting
842f11104e84: Waiting
1cb07b686790: Waiting
dd5fd292f886: Waiting
d2c7d58bf0d5: Waiting
639a3a567bd5: Waiting
7ad3639927ad: Waiting
b35211cf0f1d: Waiting
bc5f288014c2: Waiting
33bf8131d653: Waiting
c1969affccdb: Waiting
4d0e9f77d649: Waiting
33bf8131d653: Waiting
c1969affccdb: Waiting
4d0e9f77d649: Waiting
516fc5736a43: Waiting
cebd1740a6d3: Waiting
842f11104e84: Waiting
1cb07b686790: Waiting
dd5fd292f886: Waiting
d2c7d58bf0d5: Waiting
639a3a567bd5: Waiting
7ad3639927ad: Waiting
b35211cf0f1d: Waiting
bc5f288014c2: Waiting
33bf8131d653: Waiting
c1969affccdb: Waiting
4d0e9f77d649: Waiting
516fc5736a43: Waiting
cebd1740a6d3: Waiting
842f11104e84: Waiting
1cb07b686790: Waiting
dd5fd292f886: Waiting
d2c7d58bf0d5: Waiting
639a3a567bd5: Waiting
7ad3639927ad: Waiting
b35211cf0f1d: Waiting
bc5f288014c2: Waiting
516fc5736a43: Waiting
cebd1740a6d3: Waiting
842f11104e84: Waiting
1cb07b686790: Waiting
dd5fd292f886: Waiting
d2c7d58bf0d5: Waiting
639a3a567bd5: Waiting
7ad3639927ad: Waiting
b35211cf0f1d: Waiting
bc5f288014c2: Waiting
33bf8131d653: Waiting
c1969affccdb: Waiting
4d0e9f77d649: Waiting
dd5fd292f886: Layer already exists
d2c7d58bf0d5: Waiting
639a3a567bd5: Waiting
7ad3639927ad: Waiting
b35211cf0f1d: Waiting
bc5f288014c2: Waiting
33bf8131d653: Waiting
c1969affccdb: Layer already exists
4d0e9f77d649: Waiting
516fc5736a43: Layer already exists
cebd1740a6d3: Layer already exists
842f11104e84: Waiting
1cb07b686790: Waiting
33bf8131d653: Waiting
4d0e9f77d649: Waiting
842f11104e84: Waiting
1cb07b686790: Waiting
d2c7d58bf0d5: Layer already exists
639a3a567bd5: Waiting
7ad3639927ad: Waiting
b35211cf0f1d: Waiting
bc5f288014c2: Waiting
842f11104e84: Layer already exists
1cb07b686790: Waiting
639a3a567bd5: Waiting
7ad3639927ad: Waiting
b35211cf0f1d: Waiting
bc5f288014c2: Waiting
33bf8131d653: Waiting
4d0e9f77d649: Waiting
7ad3639927ad: Waiting
bc5f288014c2: Waiting
33bf8131d653: Waiting
4d0e9f77d649: Waiting
4d0e9f77d649: Waiting
7ad3639927ad: Waiting
bc5f288014c2: Waiting
33bf8131d653: Pushed
4d0e9f77d649: Pushed
639a3a567bd5: Pushed
7ad3639927ad: Pushed
b35211cf0f1d: Pushed
1cb07b686790: Pushed
bc5f288014c2: Pushed
latest: digest: sha256:8889108bc62834a8592fb8bfb25e39162b0449c56b3c741310e044c5b497c558 size: 856
